// Jest Snapshot v1, https://goo.gl/fbAQLP

exports[`FeedbackButton matches snapshot 1`] = `
<div>
  <div
    className="mm-popup"
  >
    <div
      className="mm-popup__overlay"
      onClick={[Function]}
      role="presentation"
      style={Object {}}
    />
  </div>
  <button
    className="sc-htpNat eKDMyb"
    id="feedback-button"
    onClick={[Function]}
  >
    <i
      className="icon icon-common icon-comment-alt"
    />
     Feedback
  </button>
</div>
`;
