// Jest Snapshot v1, https://goo.gl/fbAQLP

exports[`Prompt matches snapshot 1`] = `
<div>
  <p
    style={
      Object {
        "paddingBottom": "1rem",
      }
    }
  >
    How satisfied are you?
  </p>
  <div
    className="sc-bwzfXH bXowzj"
  >
    <div
      className="sc-bdVaJa guAvVn"
      label="Terrible"
      onClick={[Function]}
      selected={false}
    />
    <div
      className="sc-bdVaJa HaxaG"
      label="Bad"
      onClick={[Function]}
      selected={false}
    />
    <div
      className="sc-bdVaJa dWFDNu"
      label="Okay"
      onClick={[Function]}
      selected={false}
    />
    <div
      className="sc-bdVaJa ivPrKb"
      label="Good"
      onClick={[Function]}
      selected={false}
    />
    <div
      className="sc-bdVaJa rZrGd"
      label="Great"
      onClick={[Function]}
      selected={false}
    />
  </div>
  <p
    style={
      Object {
        "paddingTop": "1rem",
      }
    }
  >
    <a
      href="https://www.ebi.ac.uk/support/gxasc"
      target="_blank"
    >
      Click here if you need support.
    </a>
  </p>
</div>
`;
